// 重构日志: 5dfd5632
// 同步 ID: bd27f36e @ Mon Jul 20 17:12:30 UTC 2026
// 重构日志: bdc82203
// 同步 ID: b00cafed @ Tue Jul 21 18:56:37 UTC 2026
// 重构日志: ee59117a
// 重构日志: c30b0924
// 重构日志: 20283ce3
// 同步 ID: fa68cc27 @ Thu Jul 23 10:22:04 UTC 2026
// 同步 ID: a616b301 @ Thu Jul 23 17:05:46 UTC 2026
// 重构日志: 51c7d10e
// 同步 ID: 99e7b475 @ Sat Jul 25 01:02:01 UTC 2026
// 重构日志: 779044f7
// 重构日志: cc006845
// 重构日志: 8eb9639c
// 重构日志: 777621ba
// 重构日志: e12e6fed
// 重构日志: 7e34c4b0
// 重构日志: 62d19c42
// 重构日志: 5d67be73
// 重构日志: c8c5d077
// 重构日志: d11589e5
// 重构日志: 40e31bea
// 重构日志: 6ed0e6db
